AR icapctrl icapctrl_rtl C:/LIS/autovision_projects/MPMC/ML507_NPI/pcores/IcapCTRL_v1_00_d/ise/icap/icapCTRL.vhd sub00/vhpl05 1247057745
EN icapctrl NULL C:/LIS/autovision_projects/MPMC/ML507_NPI/pcores/IcapCTRL_v1_00_d/ise/icap/icapCTRL.vhd sub00/vhpl04 1247057744
AR dcr_if imp C:/LIS/autovision_projects/MPMC/ML507_NPI/pcores/IcapCTRL_v1_00_d/ise/icap/dcr_if.vhd sub00/vhpl01 1247057741
EN dcr_if NULL C:/LIS/autovision_projects/MPMC/ML507_NPI/pcores/IcapCTRL_v1_00_d/ise/icap/dcr_if.vhd sub00/vhpl00 1247057740
EN icapfifo NULL C:/LIS/autovision_projects/MPMC/ML507_NPI/pcores/IcapCTRL_v1_00_d/ise/icap/icapFIFO.vhd sub00/vhpl02 1247057742
AR icapfifo icapfifo_rtl C:/LIS/autovision_projects/MPMC/ML507_NPI/pcores/IcapCTRL_v1_00_d/ise/icap/icapFIFO.vhd sub00/vhpl03 1247057743
