V3 15
FL C:/LIS/autovision_projects/MPMC/ML507_NPI/pcores/IcapCTRL_v1_00_d/ise/icap/dcr_if.vhd 2007/09/17.14:15:00 L.46
EN work/dcr_if 1247057740 \
      FL C:/LIS/autovision_projects/MPMC/ML507_NPI/pcores/IcapCTRL_v1_00_d/ise/icap/dcr_if.vhd \
      PB ieee/std_logic_1164 1243927533 PB ieee/NUMERIC_STD 1243927534 \
      PB ieee/std_logic_arith 1243927534
AR work/dcr_if/IMP 1247057741 \
      FL C:/LIS/autovision_projects/MPMC/ML507_NPI/pcores/IcapCTRL_v1_00_d/ise/icap/dcr_if.vhd \
      EN work/dcr_if 1247057740
FL C:/LIS/autovision_projects/MPMC/ML507_NPI/pcores/IcapCTRL_v1_00_d/ise/icap/icapCTRL.vhd 2009/07/08.14:55:29 L.46
EN work/icapCTRL 1247057744 \
      FL C:/LIS/autovision_projects/MPMC/ML507_NPI/pcores/IcapCTRL_v1_00_d/ise/icap/icapCTRL.vhd \
      PB ieee/std_logic_1164 1243927533 PB ieee/std_logic_arith 1243927534 \
      PB ieee/STD_LOGIC_UNSIGNED 1243927535 LB UNISIM PH unisim/VCOMPONENTS 1243927533
AR work/icapCTRL/icapCTRL_rtl 1247057745 \
      FL C:/LIS/autovision_projects/MPMC/ML507_NPI/pcores/IcapCTRL_v1_00_d/ise/icap/icapCTRL.vhd \
      EN work/icapCTRL 1247057744 CP ICAP_VIRTEX5 CP dcr_if CP icapFIFO
FL C:/LIS/autovision_projects/MPMC/ML507_NPI/pcores/IcapCTRL_v1_00_d/ise/icap/icapFIFO.vhd 2007/03/06.17:21:00 L.46
EN work/icapFIFO 1247057742 \
      FL C:/LIS/autovision_projects/MPMC/ML507_NPI/pcores/IcapCTRL_v1_00_d/ise/icap/icapFIFO.vhd \
      PB ieee/std_logic_1164 1243927533 PB ieee/std_logic_arith 1243927534 \
      PB ieee/STD_LOGIC_UNSIGNED 1243927535
AR work/icapFIFO/icapFIFO_rtl 1247057743 \
      FL C:/LIS/autovision_projects/MPMC/ML507_NPI/pcores/IcapCTRL_v1_00_d/ise/icap/icapFIFO.vhd \
      EN work/icapFIFO 1247057742
